// Jest Snapshot v1, https://goo.gl/fbAQLP

exports[`LoginField Проверка срабатывания setValue при вводе значения в input 1`] = `<div />`;
